apps@gameshowmanager-8667c5c898-f4gqm:~$ psql $DATABASE_URL
psql (17.4 (Ubuntu 17.4-1.pgdg22.04+2), server 18.1)
WARNING: psql major version 17, server major version 18.
         Some psql features might not work.
SSL connection (protocol: TLSv1.3, cipher: TLS_AES_256_GCM_SHA384, compression: off, ALPN: postgresql)
Type "help" for help.

defaultdb=> INSERT INTO groups (id, reference_number, created_at) VALUES ('5fe641da-4067-49a7-bae7-e63413b3e404', 'GRP001', '2025-12-02T05:59:07.196Z');
ERROR:  duplicate key value violates unique constraint "groups_pkey"
DETAIL:  Key (id)=(5fe641da-4067-49a7-bae7-e63413b3e404) already exists.
defaultdb=> INSERT INTO record_days (id, date, total_seats, status, created_at, rx_number) VALUES ('e432f0fe-1383-44a2-990c-5f787da5008a', '2026-02-04', 154, 'ready', '2025-11-27T11:34:23.272Z', 'RX1 - 1-5'), ('8de562bb-e594-47dd-a50f-ee78c14c0dde', '2026-02-05', 154, 'draft', '2025-11-27T11:34:23.272Z', 'RX EP 6 - 10'), ('4ca4a7ea-c1ac-44e5-9533-fdd34522899d', '2026-02-06', 154, 'draft', '2025-11-27T11:34:23.272Z', 'RX EP 11 - 15'), ('abce05e1-0917-4949-a374-ef5f941df712', '2026-02-09', 154, 'draft', '2025-11-27T11:34:23.272Z', 'RX EP 16 - 20'), ('2ee609d2-1a2d-440c-801d-0eb0bfc47a2f', '2026-02-10', 154, 'draft', '2025-11-27T11:34:23.272Z', 'RX EP 21 - 25'), ('59f9cd94-162d-413c-9797-5a881676a706', '2026-02-11', 154, 'draft', '2025-11-27T11:34:23.272Z', 'RX EP 26 - 30'), ('c68366bd-1541-45fc-a22f-47ef139f16ec', '2026-02-17', 154, 'draft', '2025-11-27T11:34:23.272Z', 'RX EP 31 - 35'), ('eec54567-3e21-424c-8d62-28772c0a6c25', '2026-02-18', 154, 'draft', '2025-11-27T11:34:23.272Z', 'RX EP 36 - 40'), ('04617609-04e6-4fa6-8023-ff7dede3c93a', '2026-02-19', 154, 'draft', '2025-11-27T11:34:23.272Z', 'RX EP 41 - 45'), ('80991c27-1587-4869-be9c-dc2a96950499', '2026-02-20', 154, 'draft', '2025-11-27T11:34:23.272Z', 'RX EP 46 - 50'), ('274e9d90-48a5-404b-af78-739e1457158d', '2026-02-24', 154, 'draft', '2025-11-27T11:34:23.272Z', 'RX EP 51 - 55'), ('dcf33543-4096-425f-a8a1-2015851bd687', '2026-02-25', 154, 'draft', '2025-11-27T11:34:23.272Z', 'RX EP 56 - 60'), ('d3473fc2-fb62-4612-ae98-bf4765ba61e4', '2026-02-26', 154, 'draft', '2025-11-27T11:34:23.272Z', 'RX EP 61 - 65'), ('48bf0bd2-280f-44ac-806d-f1ae9f44712a', '2026-03-02', 154, 'draft', '2025-11-27T11:34:23.272Z', 'RX EP 66 - 70'), ('d06d32c7-51a5-4efd-9234-75c79c7c72d6', '2026-03-03', 154, 'draft', '2025-11-27T11:34:23.272Z', 'RX EP 71 - 75'), ('1da0c632-a3e1-46c0-8e8a-37753630608a', '2026-03-04', 154, 'draft', '2025-11-27T11:34:23.272Z', 'RX EP 76 - 80'), ('f159ca53-ea3d-4568-9403-7f15cd73dac8', '2026-03-05', 154, 'draft', '2025-11-27T11:34:23.272Z', 'RX EP 81 - 85');
INSERT 0 17
defaultdb=> INSERT INTO contestants (id, name, age, gender, group_id, availability_status, attending_with, created_at, email, phone, location, medical_info, photo_url, mobility_notes, criminal_record, audition_rating) VALUES ('0ccaf8bc-6ade-4ad6-9537-92f9829a6502', 'Peter Adamidis', 34, 'Not Specified', '5fe641da-4067-49a7-bae7-e63413b3e404', 'assigned', 'Kathleen Reynolds, Felicity Parker-Hill', '2025-12-02T05:59:07.415Z', 'peter.adamidis@gmail.com', '498086080', '', 'Y', NULL, 'Broken Leg', 'Assault & Theft', NULL), ('28603f95-d5f6-47ab-88c4-0d79742a6b02', 'Felicity Parker-Hill', 27, 'Not Specified', '5fe641da-4067-49a7-bae7-e63413b3e404', 'assigned', 'Peter Adamidis, Kathleen Reynolds', '2025-12-02T05:59:07.519Z', 'felicity.parkerhill@endemolshine.com.au', '498086080', 'Melbourne', 'N', NULL, 'N/A', 'N/A', NULL), ('d698b1de-6641-45c6-aa63-f577d2b634bb', 'Kathleen Reynolds', 33, 'Not Specified', '5fe641da-4067-49a7-bae7-e63413b3e404', 'assigned', 'Peter Adamidis, Felicity Parker-Hill', '2025-12-02T05:59:07.307Z', 'kathleenmonicareynolds@gmail.com', '498086080', 'Footscray', 'N', NULL, 'N/A', 'N/A', NULL);
INSERT 0 3
defaultdb=> INSERT INTO seat_assignments (id, record_day_id, contestant_id, block_number, seat_label, created_at, booking_email_sent, confirmed_rsvp) VALUES ('d87fb44f-0654-4aed-82a5-2ec6179bc2ab', 'e432f0fe-1383-44a2-990c-5f787da5008a', '0ccaf8bc-6ade-4ad6-9537-92f9829a6502', 1, 'B3', '2025-12-02T06:07:05.711Z', '2025-12-03T11:34:49.891Z', '2025-12-03T08:29:13.989Z'), ('1bd961ce-a605-4d4f-8bdd-844664d1b140', '8de562bb-e594-47dd-a50f-ee78c14c0dde', '28603f95-d5f6-47ab-88c4-0d79742a6b02', 3, 'B4', '2025-12-03T03:16:51.284Z', '2025-12-03T03:25:03.657Z', NULL), ('df836401-667b-4ac1-a68f-afe59d04a8b5', '8de562bb-e594-47dd-a50f-ee78c14c0dde', 'd698b1de-6641-45c6-aa63-f577d2b634bb', 3, 'B5', '2025-12-03T03:16:51.708Z', '2025-12-03T06:22:30.757Z', '2025-12-03T06:24:21.209Z');
INSERT 0 3
defaultdb=> INSERT INTO block_types (id, record_day_id, block_number, block_type, created_at) VALUES ('a2d47c69-208d-44d2-9033-3b6ab96616bd', 'e432f0fe-1383-44a2-990c-5f787da5008a', 1, 'PB', '2025-11-28T01:01:21.118Z'), ('b248391e-18a0-4a53-bb54-8a0953ee2107', 'e432f0fe-1383-44a2-990c-5f787da5008a', 2, 'PB', '2025-11-28T01:01:50.151Z'), ('60ae8d96-a0a8-4bf5-ab37-7d9bbc68104a', 'e432f0fe-1383-44a2-990c-5f787da5008a', 3, 'PB', '2025-11-28T01:02:45.890Z'), ('ff774508-8faa-437d-b90c-98020b4fce99', 'e432f0fe-1383-44a2-990c-5f787da5008a', 4, 'PB', '2025-11-28T01:03:30.883Z'), ('19e49e78-cb04-48f1-b38c-1b5ae955926c', 'e432f0fe-1383-44a2-990c-5f787da5008a', 5, 'NPB', '2025-11-28T01:03:28.068Z'), ('d1e4b23c-d687-4444-8a8d-c54032f59162', 'e432f0fe-1383-44a2-990c-5f787da5008a', 6, 'NPB', '2025-11-28T01:03:25.803Z'), ('51e9e36b-3d3e-42bb-87d4-4f6a5085828d', 'e432f0fe-1383-44a2-990c-5f787da5008a', 7, 'PB', '2025-11-28T01:06:10.521Z'), ('4d9813bd-7b99-4771-8da1-ad6fa01c1c6a', '8de562bb-e594-47dd-a50f-ee78c14c0dde', 1, 'PB', '2025-11-28T04:18:07.128Z'), ('0aa42536-5b93-4be9-b0f5-95b1834f5cbf', '8de562bb-e594-47dd-a50f-ee78c14c0dde', 2, 'NPB', '2025-11-28T04:18:12.041Z'), ('ecc52a7a-af9e-483f-acfd-a9f947700b0c', '8de562bb-e594-47dd-a50f-ee78c14c0dde', 3, 'PB', '2025-11-28T04:18:15.087Z'), ('5b28e1f6-5c8a-4113-8834-9e8ab82228d6', '8de562bb-e594-47dd-a50f-ee78c14c0dde', 4, 'PB', '2025-11-28T04:20:13.568Z'), ('9a62a9c4-3466-4b55-b61e-18cd2c67c4c1', '8de562bb-e594-47dd-a50f-ee78c14c0dde', 5, 'NPB', '2025-11-28T04:20:10.944Z'), ('d549fe45-cf7d-48a4-80c8-ad5d61aff471', '8de562bb-e594-47dd-a50f-ee78c14c0dde', 6, 'PB', '2025-11-28T04:20:09.110Z'), ('1d8f41b4-ac68-4c0d-89d5-3b22e715bc79', '8de562bb-e594-47dd-a50f-ee78c14c0dde', 7, 'PB', '2025-11-28T04:20:15.980Z'), ('306f44e0-79d0-424a-9eb7-126bbf71f301', 'abce05e1-0917-4949-a374-ef5f941df712', 1, 'NPB', '2025-11-28T13:29:38.963Z'), ('690c620f-62d8-4293-b265-ce93eda1b896', 'abce05e1-0917-4949-a374-ef5f941df712', 2, 'PB', '2025-11-28T13:29:37.156Z'), ('53eb80a7-59e5-4b78-b5f0-a3b366587096', 'abce05e1-0917-4949-a374-ef5f941df712', 3, 'PB', '2025-11-28T13:29:35.069Z'), ('932323f8-f98a-4463-9650-1af4327df3a0', 'abce05e1-0917-4949-a374-ef5f941df712', 4, 'PB', '2025-11-28T13:29:30.931Z'), ('5a87fc3a-f172-456c-8817-1d2e9f749c41', 'abce05e1-0917-4949-a374-ef5f941df712', 5, 'PB', '2025-11-28T13:29:26.043Z'), ('ae5c8cf8-cd08-4a5b-9aa5-fdcd1f521fec', 'abce05e1-0917-4949-a374-ef5f941df712', 6, 'NPB', '2025-11-28T13:29:27.913Z'), ('10be29ee-cd87-4370-993f-5ec424bdf89a', 'abce05e1-0917-4949-a374-ef5f941df712', 7, 'PB', '2025-11-28T13:29:20.519Z'), ('badc1981-587e-4ebe-a4ca-d09f25a98a6b', 'eec54567-3e21-424c-8d62-28772c0a6c25', 1, 'PB', '2025-12-01T02:23:53.019Z'), ('321d3111-fcc3-4246-8800-231133dd823d', 'eec54567-3e21-424c-8d62-28772c0a6c25', 2, 'PB', '2025-12-01T02:24:00.138Z'), ('ef4554b1-e13a-4273-b9e6-c22d7e345256', '4ca4a7ea-c1ac-44e5-9533-fdd34522899
defaultdb'> 